mode: set
healthlogin/backend/service/admin.go:33.17,35.18 2 1
healthlogin/backend/service/admin.go:35.18,37.3 1 0
healthlogin/backend/service/admin.go:38.2,44.3 1 1
healthlogin/backend/service/admin.go:48.55,51.2 2 1
healthlogin/backend/service/admin.go:54.67,57.2 2 1
healthlogin/backend/service/admin.go:60.59,63.16 2 1
healthlogin/backend/service/admin.go:63.16,65.3 1 0
healthlogin/backend/service/admin.go:67.2,68.52 2 1
healthlogin/backend/service/admin.go:68.52,69.38 1 1
healthlogin/backend/service/admin.go:69.38,70.32 1 1
healthlogin/backend/service/admin.go:71.17,72.41 1 1
healthlogin/backend/service/admin.go:73.15,74.34 1 0
healthlogin/backend/service/admin.go:79.2,79.24 1 1
healthlogin/backend/service/admin.go:79.24,81.3 1 0
healthlogin/backend/service/admin.go:83.2,84.49 2 1
healthlogin/backend/service/admin.go:88.112,90.2 1 1
healthlogin/backend/service/admin.go:93.80,94.46 1 1
healthlogin/backend/service/admin.go:94.46,96.3 1 1
healthlogin/backend/service/admin.go:97.2,97.48 1 1
healthlogin/backend/service/admin.go:101.76,102.65 1 1
healthlogin/backend/service/admin.go:102.65,104.3 1 1
healthlogin/backend/service/admin.go:105.2,105.44 1 1
healthlogin/backend/service/admin.go:109.82,110.19 1 1
healthlogin/backend/service/admin.go:110.19,112.3 1 1
healthlogin/backend/service/admin.go:113.2,114.16 2 1
healthlogin/backend/service/admin.go:114.16,116.3 1 1
healthlogin/backend/service/admin.go:117.2,117.55 1 0
healthlogin/backend/service/admin.go:117.55,119.3 1 0
healthlogin/backend/service/admin.go:120.2,120.68 1 0
healthlogin/backend/service/admin.go:125.90,126.17 1 1
healthlogin/backend/service/admin.go:126.17,128.3 1 1
healthlogin/backend/service/admin.go:130.2,130.23 1 1
healthlogin/backend/service/admin.go:130.23,132.3 1 1
healthlogin/backend/service/admin.go:135.2,136.16 2 1
healthlogin/backend/service/admin.go:136.16,138.3 1 1
healthlogin/backend/service/admin.go:139.2,139.26 1 0
healthlogin/backend/service/admin.go:139.26,141.3 1 0
healthlogin/backend/service/admin.go:143.2,143.62 1 0
healthlogin/backend/service/admin.go:147.79,149.2 1 1
healthlogin/backend/service/admin.go:152.111,153.17 1 1
healthlogin/backend/service/admin.go:153.17,155.3 1 0
healthlogin/backend/service/admin.go:158.2,159.16 2 1
healthlogin/backend/service/admin.go:159.16,161.3 1 0
healthlogin/backend/service/admin.go:162.2,162.29 1 1
healthlogin/backend/service/admin.go:162.29,164.3 1 0
healthlogin/backend/service/admin.go:166.2,166.55 1 1
healthlogin/backend/service/admin.go:170.90,173.16 2 1
healthlogin/backend/service/admin.go:173.16,175.3 1 0
healthlogin/backend/service/admin.go:176.2,176.29 1 1
healthlogin/backend/service/admin.go:176.29,178.3 1 1
healthlogin/backend/service/admin.go:181.2,181.60 1 1
healthlogin/backend/service/admin.go:185.89,188.16 2 1
healthlogin/backend/service/admin.go:188.16,190.3 1 1
healthlogin/backend/service/admin.go:191.2,191.29 1 0
healthlogin/backend/service/admin.go:191.29,193.3 1 0
healthlogin/backend/service/admin.go:195.2,195.59 1 0
healthlogin/backend/service/admin.go:199.77,201.2 1 1
healthlogin/backend/service/admin.go:204.76,206.2 1 1
healthlogin/backend/service/admin.go:209.76,211.2 1 1
healthlogin/backend/service/admin.go:214.79,216.2 1 1
healthlogin/backend/service/admin.go:219.85,221.16 2 1
healthlogin/backend/service/admin.go:221.16,223.3 1 0
healthlogin/backend/service/admin.go:224.2,237.16 4 1
healthlogin/backend/service/admin.go:237.16,239.3 1 0
healthlogin/backend/service/admin.go:239.8,239.22 1 1
healthlogin/backend/service/admin.go:239.22,242.3 2 1
healthlogin/backend/service/admin.go:244.2,244.21 1 1
healthlogin/backend/service/admin.go:248.65,250.2 1 1
healthlogin/backend/service/admin.go:253.73,265.35 3 1
healthlogin/backend/service/admin.go:265.35,266.23 1 1
healthlogin/backend/service/admin.go:266.23,268.18 2 1
healthlogin/backend/service/admin.go:268.18,270.5 1 0
healthlogin/backend/service/admin.go:271.4,271.13 1 1
healthlogin/backend/service/admin.go:271.13,273.5 1 0
healthlogin/backend/service/admin.go:275.3,275.27 1 1
healthlogin/backend/service/admin.go:275.27,277.18 2 0
healthlogin/backend/service/admin.go:277.18,279.5 1 0
healthlogin/backend/service/admin.go:280.4,280.13 1 0
healthlogin/backend/service/admin.go:280.13,282.5 1 0
healthlogin/backend/service/admin.go:285.2,285.48 1 1
healthlogin/backend/service/auth.go:24.55,26.20 2 1
healthlogin/backend/service/auth.go:26.20,28.3 1 1
healthlogin/backend/service/auth.go:29.2,33.16 5 1
healthlogin/backend/service/auth.go:33.16,35.3 1 1
healthlogin/backend/service/auth.go:36.2,36.76 1 0
healthlogin/backend/service/auth.go:56.85,58.18 2 1
healthlogin/backend/service/auth.go:58.18,60.3 1 1
healthlogin/backend/service/auth.go:61.2,61.57 1 1
healthlogin/backend/service/auth.go:66.110,68.2 1 1
healthlogin/backend/service/auth.go:72.46,74.2 1 1
healthlogin/backend/service/auth.go:78.97,80.2 1 1
healthlogin/backend/service/auth.go:86.131,87.35 1 1
healthlogin/backend/service/auth.go:87.35,89.3 1 1
healthlogin/backend/service/auth.go:90.2,90.34 1 1
healthlogin/backend/service/auth.go:90.34,92.3 1 1
healthlogin/backend/service/auth.go:93.2,93.41 1 1
healthlogin/backend/service/auth.go:93.41,95.3 1 0
healthlogin/backend/service/auth.go:97.2,98.19 2 1
healthlogin/backend/service/auth.go:98.19,101.17 3 1
healthlogin/backend/service/auth.go:101.17,103.4 1 0
healthlogin/backend/service/auth.go:106.2,107.50 2 1
healthlogin/backend/service/auth.go:107.50,109.3 1 1
healthlogin/backend/service/auth.go:110.2,110.21 1 1
healthlogin/backend/service/auth.go:110.21,112.3 1 1
healthlogin/backend/service/auth.go:114.2,115.16 2 1
healthlogin/backend/service/auth.go:115.16,117.3 1 0
healthlogin/backend/service/auth.go:119.2,126.44 2 1
healthlogin/backend/service/auth.go:126.44,128.3 1 1
healthlogin/backend/service/auth.go:130.2,131.16 2 1
healthlogin/backend/service/auth.go:131.16,133.3 1 0
healthlogin/backend/service/auth.go:136.2,136.24 1 1
healthlogin/backend/service/auth.go:136.24,138.31 2 1
healthlogin/backend/service/auth.go:138.31,141.57 2 0
healthlogin/backend/service/auth.go:141.57,143.5 1 0
healthlogin/backend/service/auth.go:144.9,144.31 1 1
healthlogin/backend/service/auth.go:144.31,146.32 2 0
healthlogin/backend/service/auth.go:146.32,148.5 1 0
healthlogin/backend/service/auth.go:151.3,151.94 1 1
healthlogin/backend/service/auth.go:151.94,153.4 1 0
healthlogin/backend/service/auth.go:156.2,156.21 1 1
healthlogin/backend/service/auth.go:160.86,161.35 1 1
healthlogin/backend/service/auth.go:161.35,163.3 1 1
healthlogin/backend/service/auth.go:165.2,166.16 2 1
healthlogin/backend/service/auth.go:166.16,168.3 1 1
healthlogin/backend/service/auth.go:170.2,170.95 1 1
healthlogin/backend/service/auth.go:170.95,172.3 1 1
healthlogin/backend/service/auth.go:174.2,174.18 1 1
healthlogin/backend/service/auth.go:178.74,186.2 2 1
healthlogin/backend/service/auth.go:189.69,190.80 1 1
healthlogin/backend/service/auth.go:190.80,191.58 1 1
healthlogin/backend/service/auth.go:191.58,193.4 1 0
healthlogin/backend/service/auth.go:194.3,194.23 1 1
healthlogin/backend/service/auth.go:196.2,196.16 1 1
healthlogin/backend/service/auth.go:196.16,198.3 1 1
healthlogin/backend/service/auth.go:199.2,199.18 1 1
healthlogin/backend/service/auth.go:199.18,201.3 1 0
healthlogin/backend/service/auth.go:203.2,204.9 2 1
healthlogin/backend/service/auth.go:204.9,206.3 1 0
healthlogin/backend/service/auth.go:208.2,209.9 2 1
healthlogin/backend/service/auth.go:209.9,211.3 1 0
healthlogin/backend/service/auth.go:212.2,213.16 2 1
healthlogin/backend/service/auth.go:213.16,215.3 1 0
healthlogin/backend/service/auth.go:217.2,224.8 3 1
healthlogin/backend/service/bid.go:23.15,29.2 1 1
healthlogin/backend/service/bid.go:32.110,33.23 1 1
healthlogin/backend/service/bid.go:33.23,35.3 1 1
healthlogin/backend/service/bid.go:38.2,39.16 2 1
healthlogin/backend/service/bid.go:39.16,41.3 1 0
healthlogin/backend/service/bid.go:42.2,42.18 1 1
healthlogin/backend/service/bid.go:42.18,44.3 1 1
healthlogin/backend/service/bid.go:46.2,46.63 1 1
healthlogin/backend/service/bid.go:50.84,52.2 1 1
healthlogin/backend/service/bid.go:55.67,57.2 1 1
healthlogin/backend/service/chat.go:19.42,22.3 1 0
healthlogin/backend/service/chat.go:52.108,58.2 1 1
healthlogin/backend/service/chat.go:60.76,65.13 4 0
healthlogin/backend/service/chat.go:65.13,76.3 3 0
healthlogin/backend/service/chat.go:77.2,77.13 1 0
healthlogin/backend/service/chat.go:80.47,81.6 1 0
healthlogin/backend/service/chat.go:81.6,82.10 1 0
healthlogin/backend/service/chat.go:83.34,84.31 1 0
healthlogin/backend/service/chat.go:85.36,86.41 1 0
healthlogin/backend/service/chat.go:86.41,89.5 2 0
healthlogin/backend/service/chat.go:90.4,90.30 1 0
healthlogin/backend/service/chat.go:90.30,95.5 4 0
healthlogin/backend/service/chat.go:96.36,97.37 1 0
healthlogin/backend/service/chat.go:97.37,98.12 1 0
healthlogin/backend/service/chat.go:99.33,99.33 0 0
healthlogin/backend/service/chat.go:100.13,102.34 2 0
healthlogin/backend/service/chat.go:110.34,111.15 1 0
healthlogin/backend/service/chat.go:111.15,113.3 1 0
healthlogin/backend/service/chat.go:114.2,114.26 1 0
healthlogin/backend/service/chat.go:114.26,116.17 2 0
healthlogin/backend/service/chat.go:116.17,118.4 1 0
healthlogin/backend/service/chat.go:123.68,124.15 1 0
healthlogin/backend/service/chat.go:124.15,127.3 2 0
healthlogin/backend/service/chat.go:129.2,129.6 1 0
healthlogin/backend/service/chat.go:129.6,131.17 2 0
healthlogin/backend/service/chat.go:131.17,132.9 1 0
healthlogin/backend/service/chat.go:136.3,137.17 2 0
healthlogin/backend/service/chat.go:137.17,139.12 2 0
healthlogin/backend/service/chat.go:143.3,143.64 1 0
healthlogin/backend/service/chat.go:143.64,150.9 4 0
healthlogin/backend/service/chat.go:154.3,155.50 2 0
healthlogin/backend/service/chat.go:155.50,161.12 3 0
healthlogin/backend/service/chat.go:165.3,170.88 2 0
healthlogin/backend/service/chat.go:170.88,171.39 1 0
healthlogin/backend/service/chat.go:171.39,173.42 2 0
healthlogin/backend/service/chat.go:173.42,180.6 2 0
healthlogin/backend/service/chat.go:181.5,181.13 1 0
healthlogin/backend/service/chat.go:182.10,182.42 1 0
healthlogin/backend/service/chat.go:182.42,184.42 2 0
healthlogin/backend/service/chat.go:184.42,191.6 2 0
healthlogin/backend/service/chat.go:192.5,192.13 1 0
healthlogin/backend/service/chat.go:197.3,200.84 2 0
healthlogin/backend/service/chat.go:200.84,201.12 1 0
healthlogin/backend/service/chat.go:205.3,206.17 2 0
healthlogin/backend/service/chat.go:206.17,208.12 2 0
healthlogin/backend/service/chat.go:212.3,213.17 2 0
healthlogin/backend/service/chat.go:213.17,215.4 1 0
healthlogin/backend/service/chat.go:220.90,222.31 2 1
healthlogin/backend/service/chat.go:222.31,224.3 1 0
healthlogin/backend/service/chat.go:225.2,226.39 2 1
healthlogin/backend/service/chat.go:226.39,230.13 4 0
healthlogin/backend/service/chat.go:230.13,236.11 2 0
healthlogin/backend/service/chat.go:237.36,237.36 0 0
healthlogin/backend/service/chat.go:238.12,238.12 0 0
healthlogin/backend/service/chat.go:242.2,242.24 1 1
healthlogin/backend/service/chat.go:246.80,248.2 1 1
healthlogin/backend/service/chat.go:251.93,253.16 2 1
healthlogin/backend/service/chat.go:253.16,255.3 1 0
healthlogin/backend/service/chat.go:256.2,256.92 1 1
healthlogin/backend/service/chat.go:256.92,258.3 1 1
healthlogin/backend/service/chat.go:260.2,261.16 2 1
healthlogin/backend/service/chat.go:261.16,263.3 1 0
healthlogin/backend/service/chat.go:264.2,264.17 1 1
healthlogin/backend/service/chat.go:264.17,266.17 2 0
healthlogin/backend/service/chat.go:266.17,268.4 1 0
healthlogin/backend/service/chat.go:271.2,271.40 1 1
healthlogin/backend/service/chat.go:277.104,279.16 2 1
healthlogin/backend/service/chat.go:279.16,281.3 1 0
healthlogin/backend/service/chat.go:282.2,282.92 1 1
healthlogin/backend/service/chat.go:282.92,284.3 1 0
healthlogin/backend/service/chat.go:286.2,286.63 1 1
healthlogin/backend/service/chat.go:286.63,288.3 1 0
healthlogin/backend/service/chat.go:290.2,291.16 2 1
healthlogin/backend/service/chat.go:291.16,293.3 1 0
healthlogin/backend/service/chat.go:294.2,294.35 1 1
healthlogin/backend/service/chat.go:294.35,296.3 1 0
healthlogin/backend/service/chat.go:298.2,299.16 2 1
healthlogin/backend/service/chat.go:299.16,301.3 1 0
healthlogin/backend/service/chat.go:304.2,305.16 2 1
healthlogin/backend/service/chat.go:305.16,309.13 4 1
healthlogin/backend/service/chat.go:309.13,310.11 1 0
healthlogin/backend/service/chat.go:311.33,311.33 0 0
healthlogin/backend/service/chat.go:312.12,312.12 0 0
healthlogin/backend/service/chat.go:318.2,318.22 1 1
healthlogin/backend/service/chat.go:322.163,324.16 2 1
healthlogin/backend/service/chat.go:324.16,326.3 1 0
healthlogin/backend/service/chat.go:327.2,327.92 1 1
healthlogin/backend/service/chat.go:327.92,329.3 1 0
healthlogin/backend/service/chat.go:331.2,331.63 1 1
healthlogin/backend/service/chat.go:331.63,333.3 1 0
healthlogin/backend/service/chat.go:335.2,336.16 2 1
healthlogin/backend/service/chat.go:336.16,338.3 1 0
healthlogin/backend/service/chat.go:339.2,339.35 1 1
healthlogin/backend/service/chat.go:339.35,341.3 1 0
healthlogin/backend/service/chat.go:343.2,344.16 2 1
healthlogin/backend/service/chat.go:344.16,346.3 1 0
healthlogin/backend/service/chat.go:349.2,350.16 2 1
healthlogin/backend/service/chat.go:350.16,354.13 4 1
healthlogin/backend/service/chat.go:354.13,355.11 1 0
healthlogin/backend/service/chat.go:356.33,356.33 0 0
healthlogin/backend/service/chat.go:357.12,357.12 0 0
healthlogin/backend/service/chat.go:362.2,362.22 1 1
healthlogin/backend/service/chat.go:366.112,368.16 2 0
healthlogin/backend/service/chat.go:368.16,371.3 2 0
healthlogin/backend/service/chat.go:372.2,372.92 1 0
healthlogin/backend/service/chat.go:372.92,375.3 2 0
healthlogin/backend/service/chat.go:377.2,378.16 2 0
healthlogin/backend/service/chat.go:378.16,381.3 2 0
healthlogin/backend/service/chat.go:382.2,382.17 1 0
healthlogin/backend/service/chat.go:382.17,385.3 2 0
healthlogin/backend/service/chat.go:387.2,388.16 2 0
healthlogin/backend/service/chat.go:388.16,391.3 2 0
healthlogin/backend/service/chat.go:393.2,403.29 5 0
healthlogin/backend/service/chat.go:407.120,409.16 2 1
healthlogin/backend/service/chat.go:409.16,411.3 1 0
healthlogin/backend/service/chat.go:414.2,426.12 5 1
healthlogin/backend/service/chat.go:426.12,427.10 1 0
healthlogin/backend/service/chat.go:428.38,428.38 0 0
healthlogin/backend/service/chat.go:429.11,429.11 0 0
healthlogin/backend/service/chat.go:433.2,433.17 1 1
healthlogin/backend/service/chat.go:437.83,438.70 1 1
healthlogin/backend/service/chat.go:438.70,440.3 1 0
healthlogin/backend/service/chat.go:443.2,452.12 5 1
healthlogin/backend/service/chat.go:452.12,453.10 1 0
healthlogin/backend/service/chat.go:454.40,454.40 0 0
healthlogin/backend/service/chat.go:455.11,455.11 0 0
healthlogin/backend/service/chat.go:459.2,459.12 1 1
healthlogin/backend/service/chat.go:463.82,467.12 4 1
healthlogin/backend/service/chat.go:467.12,469.17 2 0
healthlogin/backend/service/chat.go:469.17,471.4 1 0
healthlogin/backend/service/executor_geo.go:20.148,26.2 1 1
healthlogin/backend/service/executor_geo.go:42.118,43.70 1 1
healthlogin/backend/service/executor_geo.go:43.70,45.3 1 1
healthlogin/backend/service/executor_geo.go:47.2,48.16 2 1
healthlogin/backend/service/executor_geo.go:48.16,50.3 1 0
healthlogin/backend/service/executor_geo.go:52.2,56.36 3 1
healthlogin/backend/service/executor_geo.go:56.36,58.3 1 1
healthlogin/backend/service/executor_geo.go:60.2,60.37 1 1
healthlogin/backend/service/executor_geo.go:60.37,63.52 2 1
healthlogin/backend/service/executor_geo.go:63.52,65.4 1 1
healthlogin/backend/service/executor_geo.go:65.9,65.31 1 1
healthlogin/backend/service/executor_geo.go:65.31,67.4 1 0
healthlogin/backend/service/executor_geo.go:69.3,69.31 1 1
healthlogin/backend/service/executor_geo.go:69.31,71.32 2 1
healthlogin/backend/service/executor_geo.go:71.32,80.5 2 1
healthlogin/backend/service/executor_geo.go:85.2,85.55 1 1
healthlogin/backend/service/executor_geo.go:85.55,86.75 1 1
healthlogin/backend/service/executor_geo.go:86.75,88.25 2 1
healthlogin/backend/service/executor_geo.go:88.25,90.5 1 0
healthlogin/backend/service/executor_geo.go:90.10,92.5 1 1
healthlogin/backend/service/executor_geo.go:93.4,94.17 2 1
healthlogin/backend/service/executor_geo.go:94.17,96.22 2 1
healthlogin/backend/service/executor_geo.go:96.22,107.6 1 1
healthlogin/backend/service/executor_geo.go:112.2,112.101 1 1
healthlogin/backend/service/executor_geo.go:112.101,114.3 1 0
healthlogin/backend/service/executor_geo.go:116.2,116.37 1 1
healthlogin/backend/service/executor_geo.go:116.37,118.3 1 1
healthlogin/backend/service/executor_geo.go:120.2,125.8 1 1
healthlogin/backend/service/executor_geo.go:128.114,135.16 4 1
healthlogin/backend/service/executor_geo.go:135.16,137.3 1 0
healthlogin/backend/service/executor_geo.go:139.2,141.34 2 1
healthlogin/backend/service/executor_geo.go:141.34,143.47 2 1
healthlogin/backend/service/executor_geo.go:143.47,146.4 2 1
healthlogin/backend/service/executor_geo.go:146.9,146.71 1 0
healthlogin/backend/service/executor_geo.go:146.71,148.18 2 0
healthlogin/backend/service/executor_geo.go:148.18,151.5 2 0
healthlogin/backend/service/executor_geo.go:151.10,152.13 1 0
healthlogin/backend/service/executor_geo.go:154.9,155.12 1 0
healthlogin/backend/service/executor_geo.go:158.3,159.31 2 1
healthlogin/backend/service/executor_geo.go:159.31,165.4 1 1
healthlogin/backend/service/executor_geo.go:168.2,168.23 1 1
healthlogin/backend/service/executor_geo.go:171.108,173.2 1 1
healthlogin/backend/service/geo.go:15.70,17.2 1 1
healthlogin/backend/service/geo.go:20.54,23.36 3 1
healthlogin/backend/service/geo.go:23.36,25.114 1 1
healthlogin/backend/service/geo.go:25.114,27.4 1 1
healthlogin/backend/service/geo.go:28.3,28.8 1 1
healthlogin/backend/service/geo.go:30.2,30.15 1 1
healthlogin/backend/service/geo.go:33.48,35.61 2 1
healthlogin/backend/service/geo.go:35.61,37.3 1 1
healthlogin/backend/service/geo.go:38.2,38.20 1 1
healthlogin/backend/service/geo.go:41.64,51.2 8 1
healthlogin/backend/service/geo.go:53.66,55.2 1 1
healthlogin/backend/service/geocoder.go:15.63,16.14 1 1
healthlogin/backend/service/geocoder.go:16.14,18.3 1 0
healthlogin/backend/service/geocoder.go:19.2,20.9 2 1
healthlogin/backend/service/geocoder.go:20.9,22.3 1 1
healthlogin/backend/service/geocoder.go:23.2,23.23 1 1
healthlogin/backend/service/geocoder.go:24.14,25.11 1 1
healthlogin/backend/service/geocoder.go:26.15,27.30 1 0
healthlogin/backend/service/geocoder.go:28.11,29.25 1 0
healthlogin/backend/service/geocoder.go:30.10,31.30 1 0
healthlogin/backend/service/geocoder.go:37.65,39.19 2 1
healthlogin/backend/service/geocoder.go:39.19,41.3 1 0
healthlogin/backend/service/geocoder.go:43.2,44.16 2 1
healthlogin/backend/service/geocoder.go:44.16,46.3 1 0
healthlogin/backend/service/geocoder.go:47.2,47.16 1 1
healthlogin/backend/service/geocoder.go:47.16,49.3 1 0
healthlogin/backend/service/geocoder.go:50.2,50.16 1 1
healthlogin/backend/service/geocoder.go:50.16,52.3 1 0
healthlogin/backend/service/geocoder.go:53.2,53.16 1 1
healthlogin/backend/service/geocoder.go:53.16,55.3 1 0
healthlogin/backend/service/geocoder.go:56.2,56.16 1 1
healthlogin/backend/service/geocoder.go:56.16,58.3 1 0
healthlogin/backend/service/geocoder.go:62.2,68.16 6 1
healthlogin/backend/service/geocoder.go:68.16,70.3 1 0
healthlogin/backend/service/geocoder.go:71.2,71.16 1 1
healthlogin/backend/service/geocoder.go:71.16,73.3 1 0
healthlogin/backend/service/geocoder.go:74.2,74.16 1 1
healthlogin/backend/service/geocoder.go:74.16,76.3 1 0
healthlogin/backend/service/geocoder.go:78.2,80.16 2 1
healthlogin/backend/service/geocoder.go:80.16,81.17 1 0
healthlogin/backend/service/geocoder.go:81.17,83.4 1 0
healthlogin/backend/service/geocoder.go:84.3,84.46 1 0
healthlogin/backend/service/geocoder.go:87.2,87.23 1 1
healthlogin/backend/service/geocoder.go:87.23,89.3 1 1
healthlogin/backend/service/geocoder.go:91.2,91.76 1 1
healthlogin/backend/service/geocoder.go:132.40,140.2 1 1
healthlogin/backend/service/geocoder.go:144.77,146.17 2 1
healthlogin/backend/service/geocoder.go:146.17,148.3 1 0
healthlogin/backend/service/geocoder.go:149.2,149.20 1 1
healthlogin/backend/service/geocoder.go:149.20,151.3 1 0
healthlogin/backend/service/geocoder.go:153.2,156.16 3 1
healthlogin/backend/service/geocoder.go:156.16,158.3 1 0
healthlogin/backend/service/geocoder.go:159.2,169.16 10 1
healthlogin/backend/service/geocoder.go:169.16,171.3 1 0
healthlogin/backend/service/geocoder.go:172.2,175.16 3 1
healthlogin/backend/service/geocoder.go:175.16,177.3 1 0
healthlogin/backend/service/geocoder.go:178.2,180.38 2 1
healthlogin/backend/service/geocoder.go:180.38,182.3 1 0
healthlogin/backend/service/geocoder.go:184.2,185.68 2 1
healthlogin/backend/service/geocoder.go:185.68,187.3 1 0
healthlogin/backend/service/geocoder.go:189.2,190.28 2 1
healthlogin/backend/service/geocoder.go:190.28,192.58 2 1
healthlogin/backend/service/geocoder.go:192.58,193.12 1 0
healthlogin/backend/service/geocoder.go:195.3,195.58 1 1
healthlogin/backend/service/geocoder.go:195.58,196.12 1 0
healthlogin/backend/service/geocoder.go:199.3,212.39 4 1
healthlogin/backend/service/geocoder.go:215.2,215.25 1 1
healthlogin/backend/service/geocoder.go:220.70,222.19 2 1
healthlogin/backend/service/geocoder.go:222.19,224.3 1 1
healthlogin/backend/service/geocoder.go:227.2,227.70 1 1
healthlogin/backend/service/geocoder.go:227.70,229.3 1 0
healthlogin/backend/service/geocoder.go:231.2,234.16 3 1
healthlogin/backend/service/geocoder.go:234.16,236.3 1 0
healthlogin/backend/service/geocoder.go:237.2,246.16 9 1
healthlogin/backend/service/geocoder.go:246.16,248.3 1 0
healthlogin/backend/service/geocoder.go:249.2,252.16 3 1
healthlogin/backend/service/geocoder.go:252.16,254.3 1 0
healthlogin/backend/service/geocoder.go:255.2,257.38 2 1
healthlogin/backend/service/geocoder.go:257.38,259.3 1 0
healthlogin/backend/service/geocoder.go:261.2,262.68 2 1
healthlogin/backend/service/geocoder.go:262.68,264.3 1 0
healthlogin/backend/service/geocoder.go:265.2,265.23 1 1
healthlogin/backend/service/geocoder.go:265.23,267.3 1 0
healthlogin/backend/service/geocoder.go:269.2,270.66 2 1
healthlogin/backend/service/geocoder.go:270.66,272.3 1 0
healthlogin/backend/service/geocoder.go:273.2,273.66 1 1
healthlogin/backend/service/geocoder.go:273.66,275.3 1 0
healthlogin/backend/service/geocoder.go:277.2,286.20 4 1
healthlogin/backend/service/geocoder.go:289.70,290.17 1 1
healthlogin/backend/service/geocoder.go:290.17,292.3 1 1
healthlogin/backend/service/geocoder.go:293.2,298.16 3 0
healthlogin/backend/service/geocoder.go:298.16,300.3 1 0
healthlogin/backend/service/geocoder.go:301.2,301.18 1 0
healthlogin/backend/service/geocoder.go:304.68,305.17 1 1
healthlogin/backend/service/geocoder.go:305.17,307.3 1 1
healthlogin/backend/service/geocoder.go:308.2,314.12 2 0
healthlogin/backend/service/matching.go:23.130,29.2 1 1
healthlogin/backend/service/matching.go:32.71,34.12 2 1
healthlogin/backend/service/matching.go:34.12,35.22 1 1
healthlogin/backend/service/matching.go:35.22,36.42 1 1
healthlogin/backend/service/matching.go:36.42,38.5 1 0
healthlogin/backend/service/matching.go:41.2,41.79 1 1
healthlogin/backend/service/matching.go:45.47,48.16 2 1
healthlogin/backend/service/matching.go:48.16,50.3 1 0
healthlogin/backend/service/matching.go:51.2,51.22 1 1
healthlogin/backend/service/matching.go:51.22,53.3 1 1
healthlogin/backend/service/matching.go:56.2,57.16 2 0
healthlogin/backend/service/matching.go:57.16,59.3 1 0
healthlogin/backend/service/matching.go:60.2,63.18 3 0
healthlogin/backend/service/matching.go:63.18,67.17 4 0
healthlogin/backend/service/matching.go:67.17,69.4 1 0
healthlogin/backend/service/matching.go:70.3,70.28 1 0
healthlogin/backend/service/matching.go:70.28,73.4 2 0
healthlogin/backend/service/matching.go:74.3,74.28 1 0
healthlogin/backend/service/matching.go:78.2,79.16 2 0
healthlogin/backend/service/matching.go:79.16,81.3 1 0
healthlogin/backend/service/matching.go:82.2,82.28 1 0
healthlogin/backend/service/matching.go:82.28,84.3 1 0
healthlogin/backend/service/matching.go:87.2,88.37 2 0
healthlogin/backend/service/matching.go:88.37,90.3 1 0
healthlogin/backend/service/matching.go:93.2,93.31 1 0
healthlogin/backend/service/matching.go:93.31,97.55 3 0
healthlogin/backend/service/matching.go:97.55,101.4 3 0
healthlogin/backend/service/matching.go:101.9,104.42 3 0
healthlogin/backend/service/matching.go:104.42,106.13 2 0
healthlogin/backend/service/matching.go:108.4,108.21 1 0
healthlogin/backend/service/matching.go:108.21,110.24 2 0
healthlogin/backend/service/matching.go:110.24,115.6 4 0
healthlogin/backend/service/matching.go:120.3,121.16 2 0
healthlogin/backend/service/matching.go:121.16,122.31 1 0
healthlogin/backend/service/matching.go:122.31,124.30 2 0
healthlogin/backend/service/matching.go:124.30,125.95 1 0
healthlogin/backend/service/matching.go:125.95,127.7 1 0
healthlogin/backend/service/matching.go:128.11,128.38 1 0
healthlogin/backend/service/matching.go:128.38,129.33 1 0
healthlogin/backend/service/matching.go:129.33,131.21 2 0
healthlogin/backend/service/matching.go:131.21,133.8 1 0
healthlogin/backend/service/matching.go:136.5,136.17 1 0
healthlogin/backend/service/matching.go:136.17,138.11 2 0
healthlogin/backend/service/matching.go:144.3,145.39 2 0
healthlogin/backend/service/matching.go:145.39,149.18 3 0
healthlogin/backend/service/matching.go:149.18,150.13 1 0
healthlogin/backend/service/matching.go:153.4,153.35 1 0
healthlogin/backend/service/matching.go:153.35,162.35 3 0
healthlogin/backend/service/matching.go:162.35,164.11 2 0
healthlogin/backend/service/matching.go:169.3,169.36 1 0
healthlogin/backend/service/matching.go:169.36,171.18 2 0
healthlogin/backend/service/matching.go:171.18,173.5 1 0
healthlogin/backend/service/matching.go:173.10,175.5 1 0
healthlogin/backend/service/matching.go:179.2,179.12 1 0
healthlogin/backend/service/order.go:27.347,29.2 1 1
healthlogin/backend/service/order.go:42.71,43.18 1 1
healthlogin/backend/service/order.go:43.18,45.3 1 0
healthlogin/backend/service/order.go:46.2,47.34 2 1
healthlogin/backend/service/order.go:47.34,49.3 1 0
healthlogin/backend/service/order.go:50.2,50.32 1 1
healthlogin/backend/service/order.go:53.58,59.27 2 1
healthlogin/backend/service/order.go:59.27,61.17 2 1
healthlogin/backend/service/order.go:61.17,62.35 1 1
healthlogin/backend/service/order.go:62.35,63.24 1 1
healthlogin/backend/service/order.go:63.24,64.14 1 0
healthlogin/backend/service/order.go:66.5,66.56 1 1
healthlogin/backend/service/order.go:66.56,68.6 1 1
healthlogin/backend/service/order.go:72.2,72.17 1 1
healthlogin/backend/service/order.go:76.121,78.16 2 1
healthlogin/backend/service/order.go:78.16,80.3 1 0
healthlogin/backend/service/order.go:81.2,81.44 1 1
healthlogin/backend/service/order.go:81.44,83.3 1 0
healthlogin/backend/service/order.go:84.2,84.30 1 1
healthlogin/backend/service/order.go:84.30,86.3 1 0
healthlogin/backend/service/order.go:88.2,90.23 2 1
healthlogin/backend/service/order.go:90.23,92.3 1 1
healthlogin/backend/service/order.go:94.2,94.18 1 1
healthlogin/backend/service/order.go:94.18,96.3 1 1
healthlogin/backend/service/order.go:98.2,99.9 2 1
healthlogin/backend/service/order.go:100.14,101.41 1 1
healthlogin/backend/service/order.go:102.16,103.43 1 1
healthlogin/backend/service/order.go:106.2,106.19 1 1
healthlogin/backend/service/order.go:110.171,111.24 1 1
healthlogin/backend/service/order.go:111.24,113.3 1 1
healthlogin/backend/service/order.go:115.2,116.16 2 1
healthlogin/backend/service/order.go:116.16,118.3 1 0
healthlogin/backend/service/order.go:120.2,121.16 2 1
healthlogin/backend/service/order.go:121.16,123.3 1 0
healthlogin/backend/service/order.go:124.2,124.26 1 1
healthlogin/backend/service/order.go:124.26,126.3 1 0
healthlogin/backend/service/order.go:128.2,130.14 3 1
healthlogin/backend/service/order.go:130.14,133.3 2 0
healthlogin/backend/service/order.go:133.8,133.19 1 1
healthlogin/backend/service/order.go:133.19,136.3 2 1
healthlogin/backend/service/order.go:138.2,153.30 2 1
healthlogin/backend/service/order.go:153.30,156.3 2 1
healthlogin/backend/service/order.go:156.8,156.47 1 1
healthlogin/backend/service/order.go:156.47,158.17 2 0
healthlogin/backend/service/order.go:158.17,161.4 2 0
healthlogin/backend/service/order.go:165.2,165.50 1 1
healthlogin/backend/service/order.go:165.50,167.3 1 0
healthlogin/backend/service/order.go:170.2,170.23 1 1
healthlogin/backend/service/order.go:170.23,171.60 1 0
healthlogin/backend/service/order.go:171.60,174.4 1 0
healthlogin/backend/service/order.go:177.2,177.61 1 1
healthlogin/backend/service/order.go:177.61,178.86 1 1
healthlogin/backend/service/order.go:178.86,180.4 1 0
healthlogin/backend/service/order.go:181.3,186.5 1 1
healthlogin/backend/service/order.go:187.17,189.3 1 0
healthlogin/backend/service/order.go:191.2,191.40 1 1
healthlogin/backend/service/order.go:191.40,192.71 1 1
healthlogin/backend/service/order.go:192.71,195.4 1 0
healthlogin/backend/service/order.go:198.2,199.19 2 1
healthlogin/backend/service/order.go:203.104,205.2 1 1
healthlogin/backend/service/order.go:208.68,210.32 2 1
healthlogin/backend/service/order.go:210.32,212.3 1 0
healthlogin/backend/service/order.go:213.2,213.53 1 1
healthlogin/backend/service/order.go:213.53,215.3 1 0
healthlogin/backend/service/order.go:216.2,216.48 1 1
healthlogin/backend/service/order.go:220.81,222.16 2 1
healthlogin/backend/service/order.go:222.16,224.3 1 0
healthlogin/backend/service/order.go:225.2,225.114 1 1
healthlogin/backend/service/order.go:225.114,227.3 1 0
healthlogin/backend/service/order.go:229.2,231.58 2 1
healthlogin/backend/service/order.go:231.58,232.18 1 1
healthlogin/backend/service/order.go:232.18,233.84 1 1
healthlogin/backend/service/order.go:233.84,235.5 1 0
healthlogin/backend/service/order.go:236.4,241.19 1 1
healthlogin/backend/service/order.go:241.19,243.5 1 0
healthlogin/backend/service/order.go:245.3,245.39 1 1
healthlogin/backend/service/order.go:250.74,252.16 2 1
healthlogin/backend/service/order.go:252.16,254.3 1 0
healthlogin/backend/service/order.go:255.2,255.114 1 1
healthlogin/backend/service/order.go:255.114,257.3 1 0
healthlogin/backend/service/order.go:259.2,259.53 1 1
healthlogin/backend/service/order.go:259.53,261.3 1 0
healthlogin/backend/service/order.go:264.2,264.23 1 1
healthlogin/backend/service/order.go:264.23,266.32 2 0
healthlogin/backend/service/order.go:266.32,268.4 1 0
healthlogin/backend/service/order.go:271.2,271.12 1 1
healthlogin/backend/service/order.go:275.62,277.16 2 1
healthlogin/backend/service/order.go:277.16,279.3 1 0
healthlogin/backend/service/order.go:280.2,280.52 1 1
healthlogin/backend/service/order.go:280.52,282.3 1 1
healthlogin/backend/service/order.go:283.2,283.29 1 1
healthlogin/backend/service/order.go:283.29,285.3 1 0
healthlogin/backend/service/order.go:287.2,288.84 2 1
healthlogin/backend/service/order.go:288.84,291.3 2 1
healthlogin/backend/service/order.go:293.2,293.58 1 1
healthlogin/backend/service/order.go:293.58,296.17 2 1
healthlogin/backend/service/order.go:296.17,297.88 1 1
healthlogin/backend/service/order.go:297.88,299.5 1 0
healthlogin/backend/service/order.go:300.4,305.19 1 1
healthlogin/backend/service/order.go:305.19,307.5 1 0
healthlogin/backend/service/order.go:311.3,316.18 1 1
healthlogin/backend/service/order.go:316.18,318.4 1 0
healthlogin/backend/service/order.go:321.3,321.93 1 1
healthlogin/backend/service/order.go:321.93,323.4 1 0
healthlogin/backend/service/order.go:324.3,329.18 1 1
healthlogin/backend/service/order.go:329.18,331.4 1 0
healthlogin/backend/service/order.go:333.3,333.71 1 1
healthlogin/backend/service/order.go:338.69,340.16 2 1
healthlogin/backend/service/order.go:340.16,342.3 1 0
healthlogin/backend/service/order.go:343.2,343.36 1 1
healthlogin/backend/service/order.go:343.36,345.3 1 0
healthlogin/backend/service/order.go:346.2,346.32 1 1
healthlogin/backend/service/order.go:350.61,352.16 2 1
healthlogin/backend/service/order.go:352.16,354.3 1 0
healthlogin/backend/service/order.go:355.2,355.103 1 1
healthlogin/backend/service/order.go:355.103,357.3 1 0
healthlogin/backend/service/order.go:359.2,359.61 1 1
healthlogin/backend/service/order.go:359.61,360.97 1 1
healthlogin/backend/service/order.go:360.97,362.4 1 0
healthlogin/backend/service/order.go:363.3,368.18 1 1
healthlogin/backend/service/order.go:368.18,370.4 1 0
healthlogin/backend/service/order.go:371.3,371.37 1 1
healthlogin/backend/service/order.go:372.17,374.3 1 0
healthlogin/backend/service/order.go:375.2,375.12 1 1
healthlogin/backend/service/order.go:379.68,381.16 2 1
healthlogin/backend/service/order.go:381.16,383.3 1 0
healthlogin/backend/service/order.go:384.2,384.36 1 1
healthlogin/backend/service/order.go:384.36,386.3 1 0
healthlogin/backend/service/order.go:387.2,387.31 1 1
healthlogin/backend/service/order.go:391.142,392.20 1 1
healthlogin/backend/service/order.go:392.20,394.3 1 1
healthlogin/backend/service/order.go:396.2,397.16 2 1
healthlogin/backend/service/order.go:397.16,399.3 1 0
healthlogin/backend/service/order.go:400.2,400.20 1 1
healthlogin/backend/service/order.go:400.20,402.3 1 0
healthlogin/backend/service/order.go:404.2,418.30 2 1
healthlogin/backend/service/order.go:418.30,421.3 2 0
healthlogin/backend/service/order.go:421.8,421.47 1 1
healthlogin/backend/service/order.go:421.47,423.17 2 0
healthlogin/backend/service/order.go:423.17,426.4 2 0
healthlogin/backend/service/order.go:429.2,429.40 1 1
healthlogin/backend/service/order.go:429.40,430.71 1 1
healthlogin/backend/service/order.go:430.71,433.4 1 0
healthlogin/backend/service/order.go:435.2,435.50 1 1
healthlogin/backend/service/order.go:435.50,437.3 1 0
healthlogin/backend/service/order.go:440.2,440.23 1 1
healthlogin/backend/service/order.go:440.23,441.60 1 0
healthlogin/backend/service/order.go:441.60,444.4 1 0
healthlogin/backend/service/order.go:447.2,448.19 2 1
healthlogin/backend/service/order.go:452.86,454.16 2 1
healthlogin/backend/service/order.go:454.16,456.3 1 0
healthlogin/backend/service/order.go:457.2,457.27 1 1
healthlogin/backend/service/order.go:457.27,459.3 1 0
healthlogin/backend/service/order.go:460.2,460.20 1 1
healthlogin/backend/service/order.go:464.106,466.16 2 1
healthlogin/backend/service/order.go:466.16,468.3 1 0
healthlogin/backend/service/order.go:469.2,469.27 1 1
healthlogin/backend/service/order.go:469.27,471.3 1 0
healthlogin/backend/service/order.go:472.2,472.20 1 1
healthlogin/backend/service/order.go:476.88,478.16 2 1
healthlogin/backend/service/order.go:478.16,480.3 1 0
healthlogin/backend/service/order.go:481.2,481.27 1 1
healthlogin/backend/service/order.go:481.27,483.3 1 0
healthlogin/backend/service/order.go:484.2,484.20 1 1
healthlogin/backend/service/order.go:488.90,490.16 2 1
healthlogin/backend/service/order.go:490.16,492.3 1 0
healthlogin/backend/service/order.go:493.2,493.27 1 1
healthlogin/backend/service/order.go:493.27,495.3 1 1
healthlogin/backend/service/order.go:496.2,496.20 1 1
healthlogin/backend/service/review.go:17.116,19.2 1 1
healthlogin/backend/service/review.go:28.121,29.38 1 1
healthlogin/backend/service/review.go:29.38,31.3 1 1
healthlogin/backend/service/review.go:33.2,34.32 2 1
healthlogin/backend/service/review.go:34.32,36.3 1 0
healthlogin/backend/service/review.go:38.2,38.53 1 1
healthlogin/backend/service/review.go:38.53,40.3 1 0
healthlogin/backend/service/review.go:43.2,43.81 1 1
healthlogin/backend/service/review.go:43.81,45.3 1 1
healthlogin/backend/service/review.go:47.2,50.34 3 1
healthlogin/backend/service/review.go:50.34,52.30 2 1
healthlogin/backend/service/review.go:52.30,54.4 1 0
healthlogin/backend/service/review.go:55.3,55.31 1 1
healthlogin/backend/service/review.go:56.8,56.69 1 1
healthlogin/backend/service/review.go:56.69,59.3 2 0
healthlogin/backend/service/review.go:59.8,61.3 1 1
healthlogin/backend/service/review.go:63.2,64.16 2 1
healthlogin/backend/service/review.go:64.16,66.3 1 0
healthlogin/backend/service/review.go:67.2,67.21 1 1
healthlogin/backend/service/review.go:67.21,69.3 1 1
healthlogin/backend/service/review.go:71.2,85.58 4 1
healthlogin/backend/service/review.go:85.58,87.3 1 0
healthlogin/backend/service/review.go:90.2,91.30 2 1
healthlogin/backend/service/review.go:91.30,93.3 1 0
healthlogin/backend/service/review.go:95.2,97.20 2 1
healthlogin/backend/service/review.go:100.113,102.2 1 1
healthlogin/backend/service/review.go:104.116,106.2 1 1
healthlogin/backend/service/review.go:108.109,110.2 1 1
healthlogin/backend/service/shift.go:27.309,29.2 1 1
healthlogin/backend/service/shift.go:32.103,33.68 1 1
healthlogin/backend/service/shift.go:33.68,35.3 1 1
healthlogin/backend/service/shift.go:37.2,38.50 2 1
healthlogin/backend/service/shift.go:38.50,40.3 1 0
healthlogin/backend/service/shift.go:41.2,41.21 1 1
healthlogin/backend/service/shift.go:41.21,43.3 1 0
healthlogin/backend/service/shift.go:45.2,46.16 2 1
healthlogin/backend/service/shift.go:46.16,48.3 1 0
healthlogin/backend/service/shift.go:50.2,51.19 2 1
healthlogin/backend/service/shift.go:55.70,56.66 1 1
healthlogin/backend/service/shift.go:56.66,58.3 1 0
healthlogin/backend/service/shift.go:59.2,60.19 2 1
healthlogin/backend/service/shift.go:60.19,63.3 2 0
healthlogin/backend/service/shift.go:65.2,65.46 1 1
healthlogin/backend/service/shift.go:65.46,69.3 3 1
healthlogin/backend/service/shift.go:73.62,75.64 2 1
healthlogin/backend/service/shift.go:75.64,77.3 1 0
healthlogin/backend/service/shift.go:78.2,79.34 2 1
healthlogin/backend/service/shift.go:83.53,85.16 2 1
healthlogin/backend/service/shift.go:85.16,87.3 1 0
healthlogin/backend/service/shift.go:88.2,89.31 2 1
healthlogin/backend/service/shift.go:89.31,90.36 1 1
healthlogin/backend/service/shift.go:90.36,92.4 1 0
healthlogin/backend/service/shift.go:94.2,94.12 1 1
healthlogin/backend/service/shift.go:98.98,100.2 1 1
healthlogin/backend/service/shift.go:103.83,105.32 2 1
healthlogin/backend/service/shift.go:105.32,106.43 1 1
healthlogin/backend/service/shift.go:106.43,109.4 2 0
healthlogin/backend/service/shift.go:110.3,110.20 1 1
healthlogin/backend/service/shift.go:112.2,112.17 1 0
healthlogin/backend/service/shift.go:117.84,119.32 2 1
healthlogin/backend/service/shift.go:119.32,120.43 1 1
healthlogin/backend/service/shift.go:120.43,123.4 2 0
healthlogin/backend/service/shift.go:124.3,124.20 1 1
healthlogin/backend/service/shift.go:126.2,126.55 1 0
healthlogin/backend/service/shift.go:130.56,132.16 2 1
healthlogin/backend/service/shift.go:132.16,134.3 1 0
healthlogin/backend/service/shift.go:135.2,135.89 1 1
healthlogin/backend/service/shift.go:143.82,145.16 2 1
healthlogin/backend/service/shift.go:145.16,147.3 1 0
healthlogin/backend/service/shift.go:149.2,152.24 3 1
healthlogin/backend/service/shift.go:152.24,154.17 2 1
healthlogin/backend/service/shift.go:154.17,156.4 1 0
healthlogin/backend/service/shift.go:159.2,160.35 2 1
healthlogin/backend/service/shift.go:160.35,162.3 1 1
healthlogin/backend/service/shift.go:165.2,166.29 2 1
healthlogin/backend/service/shift.go:166.29,168.3 1 1
healthlogin/backend/service/shift.go:168.8,170.3 1 1
healthlogin/backend/service/shift.go:172.2,172.30 1 1
healthlogin/backend/service/shift.go:172.30,173.62 1 1
healthlogin/backend/service/shift.go:173.62,175.37 1 1
healthlogin/backend/service/shift.go:175.37,176.54 1 1
healthlogin/backend/service/shift.go:176.54,178.6 1 0
healthlogin/backend/service/shift.go:182.4,182.86 1 1
healthlogin/backend/service/shift.go:182.86,184.5 1 0
healthlogin/backend/service/shift.go:185.4,189.6 1 1
healthlogin/backend/service/shift.go:190.18,192.4 1 0
healthlogin/backend/service/shift.go:195.2,195.66 1 1
healthlogin/backend/service/shift.go:195.66,197.3 1 0
healthlogin/backend/service/shift.go:200.2,201.16 2 1
healthlogin/backend/service/shift.go:201.16,208.3 5 0
healthlogin/backend/service/shift.go:209.2,209.21 1 1
healthlogin/backend/service/shift.go:212.53,214.2 1 1
healthlogin/backend/service/shift.go:218.57,220.2 1 1
healthlogin/backend/service/shift.go:222.80,223.27 1 1
healthlogin/backend/service/shift.go:223.27,225.3 1 1
healthlogin/backend/service/shift.go:226.2,227.16 2 0
healthlogin/backend/service/shift.go:227.16,229.3 1 0
healthlogin/backend/service/shift.go:230.2,230.32 1 0
healthlogin/backend/service/shift.go:230.32,231.54 1 0
healthlogin/backend/service/shift.go:231.54,233.4 1 0
healthlogin/backend/service/shift.go:235.2,235.21 1 0
healthlogin/backend/service/shift.go:240.85,243.2 2 1
healthlogin/backend/service/shift.go:247.103,249.16 2 1
healthlogin/backend/service/shift.go:249.16,251.3 1 0
healthlogin/backend/service/shift.go:253.2,254.26 2 1
healthlogin/backend/service/shift.go:254.26,256.35 2 1
healthlogin/backend/service/shift.go:256.35,258.18 2 1
healthlogin/backend/service/shift.go:258.18,261.5 2 0
healthlogin/backend/service/shift.go:265.2,265.74 1 1
healthlogin/backend/service/shift.go:265.74,267.3 1 0
healthlogin/backend/service/shift.go:269.2,269.12 1 1
healthlogin/backend/service/shift.go:269.12,271.3 1 0
healthlogin/backend/service/shift.go:273.2,274.16 2 1
healthlogin/backend/service/shift.go:274.16,277.3 2 0
healthlogin/backend/service/shift.go:278.2,278.19 1 1
healthlogin/backend/service/shift.go:278.19,280.3 1 1
healthlogin/backend/service/shift.go:281.2,281.25 1 1
healthlogin/backend/service/shift.go:281.25,282.8 1 1
healthlogin/backend/service/shift.go:282.8,284.4 1 0
healthlogin/backend/service/shift.go:287.2,288.30 2 1
healthlogin/backend/service/shift.go:288.30,289.62 1 1
healthlogin/backend/service/shift.go:289.62,290.81 1 1
healthlogin/backend/service/shift.go:290.81,292.5 1 0
healthlogin/backend/service/shift.go:293.4,297.6 1 1
healthlogin/backend/service/shift.go:298.18,300.4 1 0
healthlogin/backend/service/shift.go:303.2,303.61 1 1
healthlogin/backend/service/shift.go:303.61,305.3 1 0
healthlogin/backend/service/shift.go:306.2,306.20 1 1
healthlogin/backend/service/shift.go:310.101,311.22 1 1
healthlogin/backend/service/shift.go:312.44,313.101 1 1
healthlogin/backend/service/shift.go:313.101,315.4 1 0
healthlogin/backend/service/shift.go:316.3,316.118 1 1
healthlogin/backend/service/shift.go:317.45,319.37 2 0
healthlogin/backend/service/shift.go:319.37,321.4 1 0
healthlogin/backend/service/shift.go:322.3,322.67 1 0
healthlogin/backend/service/shift.go:323.10,324.51 1 0
healthlogin/backend/service/shift.go:334.106,340.24 2 1
healthlogin/backend/service/shift.go:340.24,342.34 2 1
healthlogin/backend/service/shift.go:342.34,343.26 1 0
healthlogin/backend/service/shift.go:343.26,344.29 1 0
healthlogin/backend/service/shift.go:344.29,345.91 1 0
healthlogin/backend/service/shift.go:345.91,347.7 1 0
healthlogin/backend/service/shift.go:350.4,350.23 1 0
healthlogin/backend/service/shift.go:354.2,354.30 1 1
healthlogin/backend/service/shift.go:354.30,356.31 2 1
healthlogin/backend/service/shift.go:356.31,358.4 1 0
healthlogin/backend/service/shift.go:361.2,361.17 1 1
